../Core/Src/main.c:130:1:__io_putchar	16	static
../Core/Src/main.c:139:6:HAL_UARTEx_RxEventCallback	16	static
../Core/Src/main.c:152:6:RunMotor	16	static
../Core/Src/main.c:197:6:ChayVanTocBanhPhai	16	static
../Core/Src/main.c:213:6:ChayVanTocBanhTrai	16	static
../Core/Src/main.c:232:5:main	48	static
../Core/Src/main.c:327:6:SystemClock_Config	88	static
../Core/Src/main.c:374:13:MX_TIM2_Init	56	static
../Core/Src/main.c:423:13:MX_TIM3_Init	56	static
../Core/Src/main.c:472:13:MX_TIM4_Init	48	static
../Core/Src/main.c:533:13:MX_TIM5_Init	32	static
../Core/Src/main.c:578:13:MX_USART3_UART_Init	8	static
../Core/Src/main.c:609:13:MX_DMA_Init	16	static
../Core/Src/main.c:627:13:MX_GPIO_Init	24	static
../Core/Src/main.c:658:6:StartRunRobot	16	static
../Core/Src/main.c:693:6:HAL_TIM_PeriodElapsedCallback	32	static
../Core/Src/main.c:719:6:Error_Handler	4	static,ignoring_inline_asm
